// Jest Snapshot v1, https://goo.gl/fbAQLP

exports[`Test in <Navbar /> should to match snapshot 1`] = `ReactWrapper {}`;
